---
source: tests/tls_cli_integration.rs
expression: stderr
---
error: the argument '--tls-ca-file <TLS_CA_FILE>' cannot be used with '--insecure-skip-hostname-verify'

Usage: gold_digger --tls-ca-file <TLS_CA_FILE> --db-url <DB_URL> --query <QUERY> --output <OUTPUT>

For more information, try '--help'.
